../Core/Inc/bno055_stm32.h:20:6:bno055_assignI2C	16	static
../Core/Inc/bno055_stm32.h:24:6:bno055_delay	16	static
../Core/Inc/bno055_stm32.h:32:6:bno055_writeData	40	static
../Core/Inc/bno055_stm32.h:96:6:bno055_readData	24	static
../Core/Src/main.c:69:5:main	8	static
../Core/Src/main.c:123:6:SystemClock_Config	120	static
../Core/Src/main.c:183:13:MX_I2C2_Init	8	static
../Core/Src/main.c:231:13:MX_GPIO_Init	56	static
../Core/Src/main.c:290:6:MPU_Config	24	static
../Core/Src/main.c:321:6:Error_Handler	4	static,ignoring_inline_asm
